#
# There is insufficient memory for the Java Runtime Environment to continue.
# Native memory allocation (mmap) failed to map 65536 bytes. Error detail: Failed to commit metaspace.
# Possible reasons:
#   The system is out of physical RAM or swap space
#   This process is running with CompressedOops enabled, and the Java Heap may be blocking the growth of the native heap
# Possible solutions:
#   Reduce memory load on the system
#   Increase physical memory or swap space
#   Check if swap backing store is full
#   Decrease Java heap size (-Xmx/-Xms)
#   Decrease number of Java threads
#   Decrease Java thread stack sizes (-Xss)
#   Set larger code cache with -XX:ReservedCodeCacheSize=
#   JVM is running with Unscaled Compressed Oops mode in which the Java heap is
#     placed in the first 4GB address space. The Java Heap base address is the
#     maximum limit for the native heap growth. Please use -XX:HeapBaseMinAddress
#     to set the Java Heap base and to place the Java Heap above 4GB virtual address.
# This output file may be truncated or incomplete.
#
#  Out of Memory Error (virtualSpaceNode.cpp:113), pid=9496, tid=9516
#
# JRE version: Java(TM) SE Runtime Environment (23.0.1+11) (build 23.0.1+11-39)
# Java VM: Java HotSpot(TM) 64-Bit Server VM (23.0.1+11-39, mixed mode, sharing, tiered, compressed oops, compressed class ptrs, g1 gc, windows-amd64)
# No core dump will be written. Minidumps are not enabled by default on client versions of Windows
#

---------------  S U M M A R Y ------------

Command Line: -Dclassworlds.conf=C:\Program Files\NetBeans-22\netbeans\java\maven\bin\m2.conf -Dmaven.home=C:\Program Files\NetBeans-22\netbeans\java\maven -Dlibrary.jansi.path=C:\Program Files\NetBeans-22\netbeans\java\maven\lib\jansi-native -Dmaven.multiModuleProjectDirectory=D:\michael\adso\enzy\backend proyecto\proyectolaburga org.codehaus.plexus.classworlds.launcher.Launcher -Dmaven.ext.class.path=C:\Program Files\NetBeans-22\netbeans\java\maven-nblib\netbeans-eventspy.jar --no-transfer-progress clean install

Host: Intel(R) Celeron(R) CPU  N2840  @ 2.16GHz, 2 cores, 3G,  Windows 10 , 64 bit Build 17763 (10.0.17763.1)
Time: Mon May 18 17:34:45 2026 Hora est. Pacífico, Sudamérica elapsed time: 1.175614 seconds (0d 0h 0m 1s)

---------------  T H R E A D  ---------------

Current thread (0x000001987fbb3860):  JavaThread "main"             [_thread_in_vm, id=9516, stack(0x000000397ce00000,0x000000397cf00000) (1024K)]

Stack: [0x000000397ce00000,0x000000397cf00000]
Native frames: (J=compiled Java code, j=interpreted, Vv=VM code, C=native code)
V  [jvm.dll+0x6e08b9]  (no source info available)
V  [jvm.dll+0x87dc83]  (no source info available)
V  [jvm.dll+0x88010e]  (no source info available)
V  [jvm.dll+0x8807e3]  (no source info available)
V  [jvm.dll+0x27aee6]  (no source info available)
V  [jvm.dll+0x87988e]  (no source info available)
V  [jvm.dll+0x682035]  (no source info available)
V  [jvm.dll+0x1e09dc]  (no source info available)
V  [jvm.dll+0x1e07ae]  (no source info available)
V  [jvm.dll+0x684988]  (no source info available)
V  [jvm.dll+0x2219dc]  (no source info available)
V  [jvm.dll+0x682a4e]  (no source info available)
V  [jvm.dll+0x26509f]  (no source info available)
V  [jvm.dll+0x68cde4]  (no source info available)
V  [jvm.dll+0x211fe1]  (no source info available)
V  [jvm.dll+0x21244a]  (no source info available)
V  [jvm.dll+0x212e71]  (no source info available)
V  [jvm.dll+0x20811e]  (no source info available)
V  [jvm.dll+0x5be6df]  (no source info available)
V  [jvm.dll+0x7f3ad6]  (no source info available)
V  [jvm.dll+0x475cf6]  (no source info available)
V  [jvm.dll+0x47bb98]  (no source info available)
C  [java.dll+0x17d4]  (no source info available)
C  0x0000019810fbd052  (no source info available)

The last pc belongs to native method entry point (kind = native) (printed below).
Java frames: (J=compiled Java code, j=interpreted, Vv=VM code)
j  java.lang.ClassLoader.defineClass1(Ljava/lang/ClassLoader;Ljava/lang/String;[BIILjava/security/ProtectionDomain;Ljava/lang/String;)Ljava/lang/Class;+0 java.base@23.0.1
j  java.lang.ClassLoader.defineClass(Ljava/lang/String;[BIILjava/security/ProtectionDomain;)Ljava/lang/Class;+27 java.base@23.0.1
j  java.security.SecureClassLoader.defineClass(Ljava/lang/String;[BIILjava/security/CodeSource;)Ljava/lang/Class;+12 java.base@23.0.1
j  java.net.URLClassLoader.defineClass(Ljava/lang/String;Ljdk/internal/loader/Resource;)Ljava/lang/Class;+220 java.base@23.0.1
j  java.net.URLClassLoader$1.run()Ljava/lang/Class;+43 java.base@23.0.1
j  java.net.URLClassLoader$1.run()Ljava/lang/Object;+1 java.base@23.0.1
j  java.security.AccessController.executePrivileged(Ljava/security/PrivilegedExceptionAction;Ljava/security/AccessControlContext;Ljava/lang/Class;)Ljava/lang/Object;+29 java.base@23.0.1
j  java.security.AccessController.doPrivileged(Ljava/security/PrivilegedExceptionAction;Ljava/security/AccessControlContext;)Ljava/lang/Object;+13 java.base@23.0.1
j  java.net.URLClassLoader.findClass(Ljava/lang/String;)Ljava/lang/Class;+13 java.base@23.0.1
j  org.codehaus.plexus.classworlds.realm.ClassRealm.findClassInternal(Ljava/lang/String;)Ljava/lang/Class;+2
j  org.codehaus.plexus.classworlds.realm.ClassRealm.loadClassFromSelf(Ljava/lang/String;)Ljava/lang/Class;+20
j  org.codehaus.plexus.classworlds.strategy.SelfFirstStrategy.loadClass(Ljava/lang/String;)Ljava/lang/Class;+18
j  org.codehaus.plexus.classworlds.realm.ClassRealm.unsynchronizedLoadClass(Ljava/lang/String;Z)Ljava/lang/Class;+13
j  org.codehaus.plexus.classworlds.realm.ClassRealm.loadClass(Ljava/lang/String;Z)Ljava/lang/Class;+9
j  org.codehaus.plexus.classworlds.realm.ClassRealm.loadClass(Ljava/lang/String;)Ljava/lang/Class;+3
v  ~StubRoutines::call_stub 0x0000019810fb0fd6
j  org.apache.maven.cli.MavenCli.main([Ljava/lang/String;Lorg/codehaus/plexus/classworlds/ClassWorld;)I+8
j  java.lang.invoke.DirectMethodHandle$Holder.invokeStatic(Ljava/lang/Object;Ljava/lang/Object;Ljava/lang/Object;)I+11 java.base@23.0.1
j  java.lang.invoke.LambdaForm$MH+0x000001981d009400.invoke(Ljava/lang/Object;Ljava/lang/Object;Ljava/lang/Object;Ljava/lang/Object;)Ljava/lang/Object;+54 java.base@23.0.1
j  java.lang.invoke.LambdaForm$MH+0x000001981d009800.invokeExact_MT(Ljava/lang/Object;Ljava/lang/Object;Ljava/lang/Object;Ljava/lang/Object;Ljava/lang/Object;)Ljava/lang/Object;+22 java.base@23.0.1
j  jdk.internal.reflect.DirectMethodHandleAccessor.invokeImpl(Ljava/lang/Object;[Ljava/lang/Object;)Ljava/lang/Object;+72 java.base@23.0.1
j  jdk.internal.reflect.DirectMethodHandleAccessor.invoke(Ljava/lang/Object;[Ljava/lang/Object;)Ljava/lang/Object;+23 java.base@23.0.1
j  java.lang.reflect.Method.invoke(Ljava/lang/Object;[Ljava/lang/Object;)Ljava/lang/Object;+102 java.base@23.0.1
j  org.codehaus.plexus.classworlds.launcher.Launcher.launchEnhanced([Ljava/lang/String;)V+45
j  org.codehaus.plexus.classworlds.launcher.Launcher.launch([Ljava/lang/String;)V+2
j  org.codehaus.plexus.classworlds.launcher.Launcher.mainWithExitCode([Ljava/lang/String;)I+108
j  org.codehaus.plexus.classworlds.launcher.Launcher.main([Ljava/lang/String;)V+1
v  ~StubRoutines::call_stub 0x0000019810fb0fd6
Lock stack of current Java thread (top to bottom):
LockStack[1]: java.lang.Object 
{0x00000000c56b5e48} - klass: 'java/lang/Object'
 - ---- fields (total size 2 words):
LockStack[0]: [I 
{0x00000000c56b5910} - klass: {type array int}
 - length: 0

native method entry point (kind = native)  [0x0000019810fbcc40, 0x0000019810fbd778]  2872 bytes
[MachCode]
  0x0000019810fbcc40: 488b 4b08 | 0fb7 492e | 584c 8d74 | ccf8 6800 | 0000 0068 | 0000 0000 | 5055 488b | ec41 5568 
  0x0000019810fbcc60: 0000 0000 | 4c8b 6b08 | 4d8d 6d38 | 5348 8b53 | 0848 8b52 | 0848 8b52 | 1848 8b52 | 7048 8b12 
  0x0000019810fbcc80: 5248 8b53 | 1048 85d2 | 0f84 0700 | 0000 4881 | c210 0100 | 0052 488b | 5308 488b | 5208 488b 
  0x0000019810fbcca0: 5210 5249 | 8bc6 482b | c548 c1e8 | 0350 6800 | 0000 0068 | f7ff ffff | 41c6 8771 | 0400 0001 
  0x0000019810fbccc0: 488b 4310 | 4885 c074 | 208b 88cc | 0000 0083 | c102 8988 | cc00 0000 | 2388 e000 | 0000 0f84 
  0x0000019810fbcce0: e709 0000 | e9c9 0000 | 0048 8b43 | 1848 85c0 | 0f85 aa00 | 0000 e805 | 0000 00e9 | 9300 0000 
  0x0000019810fbcd00: 488b d348 | 8d44 2408 | 4c89 6dc0 | 498b cf49 | 89af b003 | 0000 4989 | 87a0 0300 | 0048 83ec 
  0x0000019810fbcd20: 2040 f6c4 | 0f0f 8419 | 0000 0048 | 83ec 0848 | b890 263c | 9cfe 7f00 | 00ff d048 | 83c4 08e9 
  0x0000019810fbcd40: 0c00 0000 | 48b8 9026 | 3c9c fe7f | 0000 ffd0 | 4883 c420 | 49c7 87a0 | 0300 0000 | 0000 0049 
  0x0000019810fbcd60: c787 b003 | 0000 0000 | 0000 49c7 | 87a8 0300 | 0000 0000 | 0049 837f | 0800 0f84 | 0500 0000 
  0x0000019810fbcd80: e93b 41ff | ff4c 8b6d | c04c 8b75 | c84e 8d74 | f500 c348 | 8b43 1848 | 85c0 0f84 | 1200 0000 
  0x0000019810fbcda0: 8b48 0883 | c102 8948 | 0823 481c | 0f84 1909 | 0000 493b | a7e8 0400 | 000f 8748 | 0000 0089 
  0x0000019810fbcdc0: 8424 00f0 | ffff 8984 | 2400 e0ff | ff89 8424 | 00d0 ffff | 8984 2400 | c0ff ff89 | 8424 00b0 
  0x0000019810fbcde0: ffff 8984 | 2400 a0ff | ff89 8424 | 0090 ffff | 8984 2400 | 80ff ff49 | 3ba7 e004 | 0000 7607 
  0x0000019810fbce00: 4989 a7e8 | 0400 0041 | c687 7104 | 0000 0049 | ba41 adc3 | 9cfe 7f00 | 0041 803a | 000f 843e 
  0x0000019810fbce20: 0000 0048 | 8b55 e849 | 8bcf 4883 | ec20 40f6 | c40f 0f84 | 1900 0000 | 4883 ec08 | 48b8 10ee 
  0x0000019810fbce40: 739c fe7f | 0000 ffd0 | 4883 c408 | e90c 0000 | 0048 b810 | ee73 9cfe | 7f00 00ff | d048 83c4 
  0x0000019810fbce60: 2048 8b5d | e84c 8b5b | 0845 0fb7 | 5b2e 41c1 | e303 492b | e348 83ec | 2048 83e4 | f04c 8b5b 
  0x0000019810fbce80: 604d 85db | 0f85 a500 | 0000 e805 | 0000 00e9 | 9300 0000 | 488b d348 | 8d44 2408 | 4c89 6dc0 
  0x0000019810fbcea0: 498b cf49 | 89af b003 | 0000 4989 | 87a0 0300 | 0048 83ec | 2040 f6c4 | 0f0f 8419 | 0000 0048 
  0x0000019810fbcec0: 83ec 0848 | b8f0 4d3c | 9cfe 7f00 | 00ff d048 | 83c4 08e9 | 0c00 0000 | 48b8 f04d | 3c9c fe7f 
  0x0000019810fbcee0: 0000 ffd0 | 4883 c420 | 49c7 87a0 | 0300 0000 | 0000 0049 | c787 b003 | 0000 0000 | 0000 49c7 
  0x0000019810fbcf00: 87a8 0300 | 0000 0000 | 0049 837f | 0800 0f84 | 0500 0000 | e9a7 3fff | ff4c 8b6d | c04c 8b75 
  0x0000019810fbcf20: c84e 8d74 | f500 c348 | 8b5d e84c | 8b5b 6041 | ffd3 488b | 5de8 4889 | 4518 448b | 5b28 41f6 
  0x0000019810fbcf40: c308 0f84 | 1b00 0000 | 4c8b 5b08 | 4d8b 5b08 | 4d8b 5b18 | 4d8b 5b70 | 4d8b 1b4c | 895d 1048 
  0x0000019810fbcf60: 8d55 1048 | 8b43 5849 | ba60 3c74 | 9cfe 7f00 | 0049 3bc2 | 0f85 a500 | 0000 e805 | 0000 00e9 
  0x0000019810fbcf80: 9300 0000 | 488b d348 | 8d44 2408 | 4c89 6dc0 | 498b cf49 | 89af b003 | 0000 4989 | 87a0 0300 
  0x0000019810fbcfa0: 0048 83ec | 2040 f6c4 | 0f0f 8419 | 0000 0048 | 83ec 0848 | b8f0 4d3c | 9cfe 7f00 | 00ff d048 
  0x0000019810fbcfc0: 83c4 08e9 | 0c00 0000 | 48b8 f04d | 3c9c fe7f | 0000 ffd0 | 4883 c420 | 49c7 87a0 | 0300 0000 
  0x0000019810fbcfe0: 0000 0049 | c787 b003 | 0000 0000 | 0000 49c7 | 87a8 0300 | 0000 0000 | 0049 837f | 0800 0f84 
  0x0000019810fbd000: 0500 0000 | e9b7 3eff | ff4c 8b6d | c04c 8b75 | c84e 8d74 | f500 c348 | 8b5d e848 | 8b43 5849 
  0x0000019810fbd020: 8d8f c003 | 0000 4989 | afb0 0300 | 0049 ba26 | d0fb 1098 | 0100 004d | 8997 a803 | 0000 4989 
  0x0000019810fbd040: a7a0 0300 | 0041 c787 | 4404 0000 | 0400 0000 | ffd0 4883 | ec10 f20f | 1104 2448 | 83ec 1048 
  0x0000019810fbd060: 8904 2448 | c744 2408 | 0000 0000 | 41c7 8744 | 0400 0005 | 0000 00f0 | 8344 24c0 | 0049 3baf 
  0x0000019810fbd080: 4804 0000 | 0f87 0e00 | 0000 4183 | bf40 0400 | 0000 0f84 | 2000 0000 | 498b cf4c | 8be4 4883 
  0x0000019810fbd0a0: ec20 4883 | e4f0 48b8 | 90a9 3d9c | fe7f 0000 | ffd0 498b | e44d 33e4 | 41c7 8744 | 0400 0008 
  0x0000019810fbd0c0: 0000 0049 | c787 a003 | 0000 0000 | 0000 49c7 | 87b0 0300 | 0000 0000 | 0049 c787 | a803 0000 
  0x0000019810fbd0e0: 0000 0000 | 4d8b 9f30 | 0400 0041 | c783 0001 | 0000 0000 | 0000 49bb | baa5 fb10 | 9801 0000 
  0x0000019810fbd100: 4c3b 5d18 | 0f85 3102 | 0000 488b | 0424 4883 | c410 4885 | c00f 840b | 0200 00a8 | 030f 8508 
  0x0000019810fbd120: 0000 0048 | 8b00 e9fb | 0100 00a8 | 010f 8509 | 0000 0048 | 8b40 fee9 | ea01 0000 | 488b 40ff 
  0x0000019810fbd140: 4180 7f38 | 000f 84db | 0100 0048 | 83f8 000f | 84d1 0100 | 004d 8b5f | 2849 83fb | 000f 8414 
  0x0000019810fbd160: 0000 0049 | 83eb 084d | 895f 284d | 035f 3049 | 8903 e9af | 0100 0048 | 81ec d000 | 0000 4889 
  0x0000019810fbd180: 0424 4889 | 4c24 0848 | 8954 2410 | 4889 7424 | 1848 897c | 2420 4c89 | 4424 284c | 894c 2430 
  0x0000019810fbd1a0: 4c89 5424 | 384c 895c | 2440 f20f | 1144 2450 | f20f 114c | 2458 f20f | 1154 2460 | f20f 115c 
  0x0000019810fbd1c0: 2468 f20f | 1164 2470 | f20f 116c | 2478 f20f | 11b4 2480 | 0000 00f2 | 0f11 bc24 | 8800 0000 
  0x0000019810fbd1e0: f244 0f11 | 8424 9000 | 0000 f244 | 0f11 8c24 | 9800 0000 | f244 0f11 | 9424 a000 | 0000 f244 
  0x0000019810fbd200: 0f11 9c24 | a800 0000 | f244 0f11 | a424 b000 | 0000 f244 | 0f11 ac24 | b800 0000 | f244 0f11 
  0x0000019810fbd220: b424 c000 | 0000 f244 | 0f11 bc24 | c800 0000 | 498b d748 | 8bc8 4883 | ec20 40f6 | c40f 0f84 
  0x0000019810fbd240: 1900 0000 | 4883 ec08 | 48b8 e007 | 319c fe7f | 0000 ffd0 | 4883 c408 | e90c 0000 | 0048 b8e0 
  0x0000019810fbd260: 0731 9cfe | 7f00 00ff | d048 83c4 | 20f2 440f | 10bc 24c8 | 0000 00f2 | 440f 10b4 | 24c0 0000 
  0x0000019810fbd280: 00f2 440f | 10ac 24b8 | 0000 00f2 | 440f 10a4 | 24b0 0000 | 00f2 440f | 109c 24a8 | 0000 00f2 
  0x0000019810fbd2a0: 440f 1094 | 24a0 0000 | 00f2 440f | 108c 2498 | 0000 00f2 | 440f 1084 | 2490 0000 | 00f2 0f10 
  0x0000019810fbd2c0: bc24 8800 | 0000 f20f | 10b4 2480 | 0000 00f2 | 0f10 6c24 | 78f2 0f10 | 6424 70f2 | 0f10 5c24 
  0x0000019810fbd2e0: 68f2 0f10 | 5424 60f2 | 0f10 4c24 | 58f2 0f10 | 4424 504c | 8b5c 2440 | 4c8b 5424 | 384c 8b4c 
  0x0000019810fbd300: 2430 4c8b | 4424 2848 | 8b7c 2420 | 488b 7424 | 1848 8b54 | 2410 488b | 4c24 0848 | 8b04 2448 
  0x0000019810fbd320: 81c4 d000 | 0000 4889 | 4510 4883 | ec10 4889 | 0424 48c7 | 4424 0800 | 0000 0041 | 83bf c804 
  0x0000019810fbd340: 0000 020f | 85bf 0000 | 0048 81ec | 8000 0000 | 4889 4424 | 7848 894c | 2470 4889 | 5424 6848 
  0x0000019810fbd360: 895c 2460 | 4889 6c24 | 5048 8974 | 2448 4889 | 7c24 404c | 8944 2438 | 4c89 4c24 | 304c 8954 
  0x0000019810fbd380: 2428 4c89 | 5c24 204c | 8964 2418 | 4c89 6c24 | 104c 8974 | 2408 4c89 | 3c24 4c8b | e448 83ec 
  0x0000019810fbd3a0: 2048 83e4 | f048 b8c0 | 2274 9cfe | 7f00 00ff | d049 8be4 | 4c8b 3c24 | 4c8b 7424 | 084c 8b6c 
  0x0000019810fbd3c0: 2410 4c8b | 6424 184c | 8b5c 2420 | 4c8b 5424 | 284c 8b4c | 2430 4c8b | 4424 3848 | 8b7c 2440 
  0x0000019810fbd3e0: 488b 7424 | 4848 8b6c | 2450 488b | 5c24 6048 | 8b54 2468 | 488b 4c24 | 7048 8b44 | 2478 4881 
  0x0000019810fbd400: c480 0000 | 004d 33e4 | 488b 5de8 | 4c8b 6b08 | 4d8d 6d38 | 4983 7f08 | 000f 84b5 | 0000 00e8 
  0x0000019810fbd420: 0500 0000 | e990 0000 | 0048 8d44 | 2408 4c89 | 6dc0 498b | cf49 89af | b003 0000 | 4989 87a0 
  0x0000019810fbd440: 0300 0048 | 83ec 2040 | f6c4 0f0f | 8419 0000 | 0048 83ec | 0848 b800 | 6c3c 9cfe | 7f00 00ff 
  0x0000019810fbd460: d048 83c4 | 08e9 0c00 | 0000 48b8 | 006c 3c9c | fe7f 0000 | ffd0 4883 | c420 49c7 | 87a0 0300 
  0x0000019810fbd480: 0000 0000 | 0049 c787 | b003 0000 | 0000 0000 | 49c7 87a8 | 0300 0000 | 0000 0049 | 837f 0800 
  0x0000019810fbd4a0: 0f84 0500 | 0000 e915 | 3aff ff4c | 8b6d c04c | 8b75 c84e | 8d74 f500 | c348 b940 | d59b 9cfe 
  0x0000019810fbd4c0: 7f00 0048 | 83e4 f048 | b870 4a62 | 9cfe 7f00 | 00ff d0f4 | 448b 5b28 | 41f6 c320 | 0f84 7401 
  0x0000019810fbd4e0: 0000 488d | 55a8 4c8b | 5a08 4d85 | db0f 85b5 | 0000 00e8 | 0500 0000 | e990 0000 | 0048 8d44 
  0x0000019810fbd500: 2408 4c89 | 6dc0 498b | cf49 89af | b003 0000 | 4989 87a0 | 0300 0048 | 83ec 2040 | f6c4 0f0f 
  0x0000019810fbd520: 8419 0000 | 0048 83ec | 0848 b830 | 6b3c 9cfe | 7f00 00ff | d048 83c4 | 08e9 0c00 | 0000 48b8 
  0x0000019810fbd540: 306b 3c9c | fe7f 0000 | ffd0 4883 | c420 49c7 | 87a0 0300 | 0000 0000 | 0049 c787 | b003 0000 
  0x0000019810fbd560: 0000 0000 | 49c7 87a8 | 0300 0000 | 0000 0049 | 837f 0800 | 0f84 0500 | 0000 e941 | 39ff ff4c 
  0x0000019810fbd580: 8b6d c04c | 8b75 c84e | 8d74 f500 | c348 b940 | d59b 9cfe | 7f00 0048 | 83e4 f048 | b870 4a62 
  0x0000019810fbd5a0: 9cfe 7f00 | 00ff d0f4 | 4c89 6dc0 | 4c8b 4a08 | 48c7 4208 | 0000 0000 | 458b 8718 | 0600 004f 
  0x0000019810fbd5c0: 3b4c 07f8 | 0f85 4a00 | 0000 4183 | af18 0600 | 0008 4f3b | 4c07 f00f | 842a 0000 | 0049 8b01 
  0x0000019810fbd5e0: a802 0f85 | 1200 0000 | 4c8b c049 | 83c8 01f0 | 4d0f b101 | 0f84 0d00 | 0000 4183 | 8718 0600 
  0x0000019810fbd600: 0008 e90d | 0000 0049 | 83af 5005 | 0000 01e9 | 3e00 0000 | 4c89 4a08 | 488b ca48 | 83ec 2040 
  0x0000019810fbd620: f6c4 0f0f | 8419 0000 | 0048 83ec | 0848 b8f0 | 3d3c 9cfe | 7f00 00ff | d048 83c4 | 08e9 0c00 
  0x0000019810fbd640: 0000 48b8 | f03d 3c9c | fe7f 0000 | ffd0 4883 | c420 4c8b | 6dc0 49ba | 41ad c39c | fe7f 0000 
  0x0000019810fbd660: 4180 3a00 | 0f84 3e00 | 0000 488b | 55e8 498b | cf48 83ec | 2040 f6c4 | 0f0f 8419 | 0000 0048 
  0x0000019810fbd680: 83ec 0848 | b810 ee73 | 9cfe 7f00 | 00ff d048 | 83c4 08e9 | 0c00 0000 | 48b8 10ee | 739c fe7f 
  0x0000019810fbd6a0: 0000 ffd0 | 4883 c420 | 488b 0424 | 4883 c410 | f20f 1004 | 2448 83c4 | 104c 8b5d | 1841 ffd3 
  0x0000019810fbd6c0: 4c8b 5df8 | c95f 498b | e3ff e7ba | 0000 0000 | e805 0000 | 00e9 9000 | 0000 488d | 4424 084c 
  0x0000019810fbd6e0: 896d c049 | 8bcf 4989 | afb0 0300 | 0049 8987 | a003 0000 | 4883 ec20 | 40f6 c40f | 0f84 1900 
  0x0000019810fbd700: 0000 4883 | ec08 48b8 | a031 3c9c | fe7f 0000 | ffd0 4883 | c408 e90c | 0000 0048 | b8a0 313c 
  0x0000019810fbd720: 9cfe 7f00 | 00ff d048 | 83c4 2049 | c787 a003 | 0000 0000 | 0000 49c7 | 87b0 0300 | 0000 0000 
  0x0000019810fbd740: 0049 c787 | a803 0000 | 0000 0000 | 4983 7f08 | 000f 8405 | 0000 00e9 | 6437 ffff | 4c8b 6dc0 
  0x0000019810fbd760: 4c8b 75c8 | 4e8d 74f5 | 00c3 488b | 5de8 e93f | f6ff ff0f | 1f44 0000 
[/MachCode]

---------------  P R O C E S S  ---------------

Threads class SMR info:
_java_thread_list=0x000001987ed628b0, length=11, elements={
0x000001987fbb3860, 0x000001981bb46970, 0x000001981bb47f30, 0x000001981bb4d540,
0x000001981bb4dfa0, 0x000001981bb4f1a0, 0x000001981bb503a0, 0x000001981bb5d770,
0x000001981bb5f160, 0x0000019861085d00, 0x00000198610af1d0
}

Java Threads: ( => current thread )
=>0x000001987fbb3860 JavaThread "main"                              [_thread_in_vm, id=9516, stack(0x000000397ce00000,0x000000397cf00000) (1024K)]
  0x000001981bb46970 JavaThread "Reference Handler"          daemon [_thread_blocked, id=9576, stack(0x000000397d600000,0x000000397d700000) (1024K)]
  0x000001981bb47f30 JavaThread "Finalizer"                  daemon [_thread_blocked, id=9580, stack(0x000000397d700000,0x000000397d800000) (1024K)]
  0x000001981bb4d540 JavaThread "Signal Dispatcher"          daemon [_thread_blocked, id=9584, stack(0x000000397d800000,0x000000397d900000) (1024K)]
  0x000001981bb4dfa0 JavaThread "Attach Listener"            daemon [_thread_blocked, id=9588, stack(0x000000397d900000,0x000000397da00000) (1024K)]
  0x000001981bb4f1a0 JavaThread "Service Thread"             daemon [_thread_blocked, id=9592, stack(0x000000397da00000,0x000000397db00000) (1024K)]
  0x000001981bb503a0 JavaThread "Monitor Deflation Thread"   daemon [_thread_blocked, id=9596, stack(0x000000397db00000,0x000000397dc00000) (1024K)]
  0x000001981bb5d770 JavaThread "C2 CompilerThread0"         daemon [_thread_blocked, id=9600, stack(0x000000397dc00000,0x000000397dd00000) (1024K)]
  0x000001981bb5f160 JavaThread "C1 CompilerThread0"         daemon [_thread_blocked, id=9604, stack(0x000000397dd00000,0x000000397de00000) (1024K)]
  0x0000019861085d00 JavaThread "Notification Thread"        daemon [_thread_blocked, id=9608, stack(0x000000397de00000,0x000000397df00000) (1024K)]
  0x00000198610af1d0 JavaThread "Common-Cleaner"             daemon [_thread_blocked, id=9612, stack(0x000000397df00000,0x000000397e000000) (1024K)]
Total: 11

Other Threads:
  0x000001987fc72fc0 VMThread "VM Thread"                           [id=9564, stack(0x000000397d500000,0x000000397d600000) (1024K)]
  0x000001987fc63770 WatcherThread "VM Periodic Task Thread"        [id=9560, stack(0x000000397d400000,0x000000397d500000) (1024K)]
  0x000001987fbef3b0 WorkerThread "GC Thread#0"                     [id=9520, stack(0x000000397cf00000,0x000000397d000000) (1024K)]
  0x000001987fbfb160 ConcurrentGCThread "G1 Main Marker"            [id=9524, stack(0x000000397d000000,0x000000397d100000) (1024K)]
  0x000001987fbfc740 WorkerThread "G1 Conc#0"                       [id=9528, stack(0x000000397d100000,0x000000397d200000) (1024K)]
  0x000001987fc4c490 ConcurrentGCThread "G1 Refine#0"               [id=9532, stack(0x000000397d200000,0x000000397d300000) (1024K)]
  0x000001987fc4cf20 ConcurrentGCThread "G1 Service"                [id=9536, stack(0x000000397d300000,0x000000397d400000) (1024K)]
Total: 7

Threads with active compile tasks:
Total: 0

VM state: not at safepoint (normal execution)

VM Mutex/Monitor currently owned by a thread:  ([mutex/lock_event])
[0x00007ffe9cc61890] Metaspace_lock - owner thread: 0x000001987fbb3860

Heap address: 0x00000000c1a00000, size: 998 MB, Compressed Oops mode: 32-bit

CDS archive(s) mapped at: [0x000001981c000000-0x000001981cd70000-0x000001981cd70000), size 14090240, SharedBaseAddress: 0x000001981c000000, ArchiveRelocationMode: 1.
Compressed class space mapped at: 0x000001981d000000-0x000001985d000000, reserved size: 1073741824
Narrow klass base: 0x000001981c000000, Narrow klass shift: 0, Narrow klass range: 0x41000000

GC Precious Log:
 CardTable entry size: 512
 Card Set container configuration: InlinePtr #cards 5 size 8 Array Of Cards #cards 10 size 36 Howl #buckets 4 coarsen threshold 1843 Howl Bitmap #cards 512 size 80 coarsen threshold 460 Card regions per heap region 1 cards per card region 2048
 CPUs: 2 total, 2 available
 Memory: 3985M
 Large Page Support: Disabled
 NUMA Support: Disabled
 Compressed Oops: Enabled (32-bit)
 Heap Region Size: 1M
 Heap Min Capacity: 8M
 Heap Initial Capacity: 64M
 Heap Max Capacity: 998M
 Pre-touch: Disabled
 Parallel Workers: 2
 Concurrent Workers: 1
 Concurrent Refinement Workers: 2
 Periodic GC: Disabled

Heap:
 garbage-first heap   total reserved 1021952K, committed 65536K, used 2048K [0x00000000c1a00000, 0x0000000100000000)
  region size 1024K, 4 young (4096K), 0 survivors (0K)
 Metaspace       used 1009K, committed 1088K, reserved 1114112K
  class space    used 79K, committed 128K, reserved 1048576K

Heap Regions: E=young(eden), S=young(survivor), O=old, HS=humongous(starts), HC=humongous(continues), CS=collection set, F=free, TAMS=top-at-mark-start, PB=parsable bottom
|   0|0x00000000c1a00000, 0x00000000c1a00000, 0x00000000c1b00000|  0%| F|  |TAMS 0x00000000c1a00000| PB 0x00000000c1a00000| Untracked |  0
|   1|0x00000000c1b00000, 0x00000000c1b00000, 0x00000000c1c00000|  0%| F|  |TAMS 0x00000000c1b00000| PB 0x00000000c1b00000| Untracked |  0
|   2|0x00000000c1c00000, 0x00000000c1c00000, 0x00000000c1d00000|  0%| F|  |TAMS 0x00000000c1c00000| PB 0x00000000c1c00000| Untracked |  0
|   3|0x00000000c1d00000, 0x00000000c1d00000, 0x00000000c1e00000|  0%| F|  |TAMS 0x00000000c1d00000| PB 0x00000000c1d00000| Untracked |  0
|   4|0x00000000c1e00000, 0x00000000c1e00000, 0x00000000c1f00000|  0%| F|  |TAMS 0x00000000c1e00000| PB 0x00000000c1e00000| Untracked |  0
|   5|0x00000000c1f00000, 0x00000000c1f00000, 0x00000000c2000000|  0%| F|  |TAMS 0x00000000c1f00000| PB 0x00000000c1f00000| Untracked |  0
|   6|0x00000000c2000000, 0x00000000c2000000, 0x00000000c2100000|  0%| F|  |TAMS 0x00000000c2000000| PB 0x00000000c2000000| Untracked |  0
|   7|0x00000000c2100000, 0x00000000c2100000, 0x00000000c2200000|  0%| F|  |TAMS 0x00000000c2100000| PB 0x00000000c2100000| Untracked |  0
|   8|0x00000000c2200000, 0x00000000c2200000, 0x00000000c2300000|  0%| F|  |TAMS 0x00000000c2200000| PB 0x00000000c2200000| Untracked |  0
|   9|0x00000000c2300000, 0x00000000c2300000, 0x00000000c2400000|  0%| F|  |TAMS 0x00000000c2300000| PB 0x00000000c2300000| Untracked |  0
|  10|0x00000000c2400000, 0x00000000c2400000, 0x00000000c2500000|  0%| F|  |TAMS 0x00000000c2400000| PB 0x00000000c2400000| Untracked |  0
|  11|0x00000000c2500000, 0x00000000c2500000, 0x00000000c2600000|  0%| F|  |TAMS 0x00000000c2500000| PB 0x00000000c2500000| Untracked |  0
|  12|0x00000000c2600000, 0x00000000c2600000, 0x00000000c2700000|  0%| F|  |TAMS 0x00000000c2600000| PB 0x00000000c2600000| Untracked |  0
|  13|0x00000000c2700000, 0x00000000c2700000, 0x00000000c2800000|  0%| F|  |TAMS 0x00000000c2700000| PB 0x00000000c2700000| Untracked |  0
|  14|0x00000000c2800000, 0x00000000c2800000, 0x00000000c2900000|  0%| F|  |TAMS 0x00000000c2800000| PB 0x00000000c2800000| Untracked |  0
|  15|0x00000000c2900000, 0x00000000c2900000, 0x00000000c2a00000|  0%| F|  |TAMS 0x00000000c2900000| PB 0x00000000c2900000| Untracked |  0
|  16|0x00000000c2a00000, 0x00000000c2a00000, 0x00000000c2b00000|  0%| F|  |TAMS 0x00000000c2a00000| PB 0x00000000c2a00000| Untracked |  0
|  17|0x00000000c2b00000, 0x00000000c2b00000, 0x00000000c2c00000|  0%| F|  |TAMS 0x00000000c2b00000| PB 0x00000000c2b00000| Untracked |  0
|  18|0x00000000c2c00000, 0x00000000c2c00000, 0x00000000c2d00000|  0%| F|  |TAMS 0x00000000c2c00000| PB 0x00000000c2c00000| Untracked |  0
|  19|0x00000000c2d00000, 0x00000000c2d00000, 0x00000000c2e00000|  0%| F|  |TAMS 0x00000000c2d00000| PB 0x00000000c2d00000| Untracked |  0
|  20|0x00000000c2e00000, 0x00000000c2e00000, 0x00000000c2f00000|  0%| F|  |TAMS 0x00000000c2e00000| PB 0x00000000c2e00000| Untracked |  0
|  21|0x00000000c2f00000, 0x00000000c2f00000, 0x00000000c3000000|  0%| F|  |TAMS 0x00000000c2f00000| PB 0x00000000c2f00000| Untracked |  0
|  22|0x00000000c3000000, 0x00000000c3000000, 0x00000000c3100000|  0%| F|  |TAMS 0x00000000c3000000| PB 0x00000000c3000000| Untracked |  0
|  23|0x00000000c3100000, 0x00000000c3100000, 0x00000000c3200000|  0%| F|  |TAMS 0x00000000c3100000| PB 0x00000000c3100000| Untracked |  0
|  24|0x00000000c3200000, 0x00000000c3200000, 0x00000000c3300000|  0%| F|  |TAMS 0x00000000c3200000| PB 0x00000000c3200000| Untracked |  0
|  25|0x00000000c3300000, 0x00000000c3300000, 0x00000000c3400000|  0%| F|  |TAMS 0x00000000c3300000| PB 0x00000000c3300000| Untracked |  0
|  26|0x00000000c3400000, 0x00000000c3400000, 0x00000000c3500000|  0%| F|  |TAMS 0x00000000c3400000| PB 0x00000000c3400000| Untracked |  0
|  27|0x00000000c3500000, 0x00000000c3500000, 0x00000000c3600000|  0%| F|  |TAMS 0x00000000c3500000| PB 0x00000000c3500000| Untracked |  0
|  28|0x00000000c3600000, 0x00000000c3600000, 0x00000000c3700000|  0%| F|  |TAMS 0x00000000c3600000| PB 0x00000000c3600000| Untracked |  0
|  29|0x00000000c3700000, 0x00000000c3700000, 0x00000000c3800000|  0%| F|  |TAMS 0x00000000c3700000| PB 0x00000000c3700000| Untracked |  0
|  30|0x00000000c3800000, 0x00000000c3800000, 0x00000000c3900000|  0%| F|  |TAMS 0x00000000c3800000| PB 0x00000000c3800000| Untracked |  0
|  31|0x00000000c3900000, 0x00000000c3900000, 0x00000000c3a00000|  0%| F|  |TAMS 0x00000000c3900000| PB 0x00000000c3900000| Untracked |  0
|  32|0x00000000c3a00000, 0x00000000c3a00000, 0x00000000c3b00000|  0%| F|  |TAMS 0x00000000c3a00000| PB 0x00000000c3a00000| Untracked |  0
|  33|0x00000000c3b00000, 0x00000000c3b00000, 0x00000000c3c00000|  0%| F|  |TAMS 0x00000000c3b00000| PB 0x00000000c3b00000| Untracked |  0
|  34|0x00000000c3c00000, 0x00000000c3c00000, 0x00000000c3d00000|  0%| F|  |TAMS 0x00000000c3c00000| PB 0x00000000c3c00000| Untracked |  0
|  35|0x00000000c3d00000, 0x00000000c3d00000, 0x00000000c3e00000|  0%| F|  |TAMS 0x00000000c3d00000| PB 0x00000000c3d00000| Untracked |  0
|  36|0x00000000c3e00000, 0x00000000c3e00000, 0x00000000c3f00000|  0%| F|  |TAMS 0x00000000c3e00000| PB 0x00000000c3e00000| Untracked |  0
|  37|0x00000000c3f00000, 0x00000000c3f00000, 0x00000000c4000000|  0%| F|  |TAMS 0x00000000c3f00000| PB 0x00000000c3f00000| Untracked |  0
|  38|0x00000000c4000000, 0x00000000c4000000, 0x00000000c4100000|  0%| F|  |TAMS 0x00000000c4000000| PB 0x00000000c4000000| Untracked |  0
|  39|0x00000000c4100000, 0x00000000c4100000, 0x00000000c4200000|  0%| F|  |TAMS 0x00000000c4100000| PB 0x00000000c4100000| Untracked |  0
|  40|0x00000000c4200000, 0x00000000c4200000, 0x00000000c4300000|  0%| F|  |TAMS 0x00000000c4200000| PB 0x00000000c4200000| Untracked |  0
|  41|0x00000000c4300000, 0x00000000c4300000, 0x00000000c4400000|  0%| F|  |TAMS 0x00000000c4300000| PB 0x00000000c4300000| Untracked |  0
|  42|0x00000000c4400000, 0x00000000c4400000, 0x00000000c4500000|  0%| F|  |TAMS 0x00000000c4400000| PB 0x00000000c4400000| Untracked |  0
|  43|0x00000000c4500000, 0x00000000c4500000, 0x00000000c4600000|  0%| F|  |TAMS 0x00000000c4500000| PB 0x00000000c4500000| Untracked |  0
|  44|0x00000000c4600000, 0x00000000c4600000, 0x00000000c4700000|  0%| F|  |TAMS 0x00000000c4600000| PB 0x00000000c4600000| Untracked |  0
|  45|0x00000000c4700000, 0x00000000c4700000, 0x00000000c4800000|  0%| F|  |TAMS 0x00000000c4700000| PB 0x00000000c4700000| Untracked |  0
|  46|0x00000000c4800000, 0x00000000c4800000, 0x00000000c4900000|  0%| F|  |TAMS 0x00000000c4800000| PB 0x00000000c4800000| Untracked |  0
|  47|0x00000000c4900000, 0x00000000c4900000, 0x00000000c4a00000|  0%| F|  |TAMS 0x00000000c4900000| PB 0x00000000c4900000| Untracked |  0
|  48|0x00000000c4a00000, 0x00000000c4a00000, 0x00000000c4b00000|  0%| F|  |TAMS 0x00000000c4a00000| PB 0x00000000c4a00000| Untracked |  0
|  49|0x00000000c4b00000, 0x00000000c4b00000, 0x00000000c4c00000|  0%| F|  |TAMS 0x00000000c4b00000| PB 0x00000000c4b00000| Untracked |  0
|  50|0x00000000c4c00000, 0x00000000c4c00000, 0x00000000c4d00000|  0%| F|  |TAMS 0x00000000c4c00000| PB 0x00000000c4c00000| Untracked |  0
|  51|0x00000000c4d00000, 0x00000000c4d00000, 0x00000000c4e00000|  0%| F|  |TAMS 0x00000000c4d00000| PB 0x00000000c4d00000| Untracked |  0
|  52|0x00000000c4e00000, 0x00000000c4e00000, 0x00000000c4f00000|  0%| F|  |TAMS 0x00000000c4e00000| PB 0x00000000c4e00000| Untracked |  0
|  53|0x00000000c4f00000, 0x00000000c4f00000, 0x00000000c5000000|  0%| F|  |TAMS 0x00000000c4f00000| PB 0x00000000c4f00000| Untracked |  0
|  54|0x00000000c5000000, 0x00000000c5000000, 0x00000000c5100000|  0%| F|  |TAMS 0x00000000c5000000| PB 0x00000000c5000000| Untracked |  0
|  55|0x00000000c5100000, 0x00000000c5100000, 0x00000000c5200000|  0%| F|  |TAMS 0x00000000c5100000| PB 0x00000000c5100000| Untracked |  0
|  56|0x00000000c5200000, 0x00000000c5200000, 0x00000000c5300000|  0%| F|  |TAMS 0x00000000c5200000| PB 0x00000000c5200000| Untracked |  0
|  57|0x00000000c5300000, 0x00000000c5300000, 0x00000000c5400000|  0%| F|  |TAMS 0x00000000c5300000| PB 0x00000000c5300000| Untracked |  0
|  58|0x00000000c5400000, 0x00000000c5400000, 0x00000000c5500000|  0%| F|  |TAMS 0x00000000c5400000| PB 0x00000000c5400000| Untracked |  0
|  59|0x00000000c5500000, 0x00000000c5500000, 0x00000000c5600000|  0%| F|  |TAMS 0x00000000c5500000| PB 0x00000000c5500000| Untracked |  0
|  60|0x00000000c5600000, 0x00000000c56c0268, 0x00000000c5700000| 75%| E|  |TAMS 0x00000000c5600000| PB 0x00000000c5600000| Complete |  0
|  61|0x00000000c5700000, 0x00000000c5800000, 0x00000000c5800000|100%| E|CS|TAMS 0x00000000c5700000| PB 0x00000000c5700000| Complete |  0
|  62|0x00000000c5800000, 0x00000000c5900000, 0x00000000c5900000|100%| E|  |TAMS 0x00000000c5800000| PB 0x00000000c5800000| Complete |  0
|  63|0x00000000c5900000, 0x00000000c5a00000, 0x00000000c5a00000|100%| E|CS|TAMS 0x00000000c5900000| PB 0x00000000c5900000| Complete |  0

Card table byte_map: [0x000001987f980000,0x000001987fb80000] _byte_map_base: 0x000001987f373000

Marking Bits: (CMBitMap*) 0x000001987fbf09e0
 Bits: [0x0000019818a80000, 0x0000019819a18000)

Polling page: 0x000001987ee50000

Metaspace:

Usage:
  Non-class:    929.86 KB used.
      Class:     79.17 KB used.
       Both:   1009.03 KB used.

Virtual space:
  Non-class space:       64.00 MB reserved,     960.00 KB (  1%) committed,  1 nodes.
      Class space:        1.00 GB reserved,     128.00 KB ( <1%) committed,  1 nodes.
             Both:        1.06 GB reserved,       1.06 MB ( <1%) committed. 

Chunk freelists:
   Non-Class:  11.80 MB
       Class:  15.71 MB
        Both:  27.51 MB

MaxMetaspaceSize: unlimited
CompressedClassSpaceSize: 1.00 GB
Initial GC threshold: 21.00 MB
Current GC threshold: 21.00 MB
CDS: on
 - commit_granule_bytes: 65536.
 - commit_granule_words: 8192.
 - virtual_space_node_default_size: 8388608.
 - enlarge_chunks_in_place: 1.
 - use_allocation_guard: 0.


Internal statistics:

num_allocs_failed_limit: 0.
num_arena_births: 26.
num_arena_deaths: 0.
num_vsnodes_births: 2.
num_vsnodes_deaths: 0.
num_space_committed: 17.
num_space_uncommitted: 0.
num_chunks_returned_to_freelist: 0.
num_chunks_taken_from_freelist: 42.
num_chunk_merges: 0.
num_chunk_splits: 28.
num_chunks_enlarged: 19.
num_inconsistent_stats: 0.

CodeHeap 'non-profiled nmethods': size=120128Kb used=117Kb max_used=117Kb free=120010Kb
 bounds [0x0000019811530000, 0x00000198117a0000, 0x0000019818a80000]
CodeHeap 'profiled nmethods': size=120000Kb used=353Kb max_used=353Kb free=119646Kb
 bounds [0x0000019809a80000, 0x0000019809cf0000, 0x0000019810fb0000]
CodeHeap 'non-nmethods': size=5632Kb used=1295Kb max_used=1312Kb free=4336Kb
 bounds [0x0000019810fb0000, 0x0000019811220000, 0x0000019811530000]
CodeCache: size=245760Kb, used=1765Kb, max_used=1782Kb, free=243992Kb
 total_blobs=782, nmethods=366, adapters=323, full_count=0
Compilation: enabled, stopped_count=0, restarted_count=0

Compilation events (20 events):
Event: 1.144 Thread 0x000001981bb5f160  351       3       java.lang.invoke.LambdaForm$BasicType::basicType (8 bytes)
Event: 1.144 Thread 0x000001981bb5f160 nmethod 351 0x0000019809ad5f88 code [0x0000019809ad60c0, 0x0000019809ad62f8]
Event: 1.144 Thread 0x000001981bb5f160  352       3       sun.invoke.util.Wrapper::basicTypeChar (18 bytes)
Event: 1.145 Thread 0x000001981bb5f160 nmethod 352 0x0000019809ad6388 code [0x0000019809ad64c0, 0x0000019809ad6690]
Event: 1.145 Thread 0x000001981bb5f160  353       1       java.lang.invoke.MethodTypeForm::parameterSlotCount (5 bytes)
Event: 1.145 Thread 0x000001981bb5f160 nmethod 353 0x000001981154bb88 code [0x000001981154bca0, 0x000001981154bd68]
Event: 1.145 Thread 0x000001981bb5f160  355       3       jdk.internal.org.objectweb.asm.ByteVector::putShort (52 bytes)
Event: 1.146 Thread 0x000001981bb5f160 nmethod 355 0x0000019809ad6708 code [0x0000019809ad6840, 0x0000019809ad6a40]
Event: 1.146 Thread 0x000001981bb5f160  357       1       java.lang.invoke.MethodTypeForm::erasedType (5 bytes)
Event: 1.146 Thread 0x000001981bb5f160 nmethod 357 0x000001981154c208 code [0x000001981154c320, 0x000001981154c3e8]
Event: 1.147 Thread 0x000001981bb5f160  359       3       java.lang.invoke.LambdaForm$Name::initIndex (26 bytes)
Event: 1.147 Thread 0x000001981bb5f160 nmethod 359 0x0000019809ad6a88 code [0x0000019809ad6ba0, 0x0000019809ad6d40]
Event: 1.147 Thread 0x000001981bb5f160  360       1       sun.invoke.util.Wrapper::basicTypeChar (5 bytes)
Event: 1.147 Thread 0x000001981bb5f160 nmethod 360 0x000001981154c888 code [0x000001981154c9a0, 0x000001981154ca70]
Event: 1.148 Thread 0x000001981bb5f160  361       3       jdk.internal.org.objectweb.asm.Symbol::<init> (38 bytes)
Event: 1.149 Thread 0x000001981bb5f160 nmethod 361 0x0000019809ad6d88 code [0x0000019809ad6ea0, 0x0000019809ad7130]
Event: 1.150 Thread 0x000001981bb5f160  362       3       jdk.internal.org.objectweb.asm.SymbolTable::put (150 bytes)
Event: 1.151 Thread 0x000001981bb5f160 nmethod 362 0x0000019809ad7188 code [0x0000019809ad7300, 0x0000019809ad7b18]
Event: 1.152 Thread 0x000001981bb5f160  365       3       java.lang.String::indexOf (65 bytes)
Event: 1.153 Thread 0x000001981bb5f160 nmethod 365 0x0000019809ad7b88 code [0x0000019809ad7d20, 0x0000019809ad84c0]

GC Heap History (0 events):
No events

Dll operation events (5 events):
Event: 0.018 Loaded shared library C:\Program Files\Java\jdk-23\bin\java.dll
Event: 0.612 Loaded shared library C:\Program Files\Java\jdk-23\bin\jsvml.dll
Event: 0.712 Loaded shared library C:\Program Files\Java\jdk-23\bin\net.dll
Event: 0.717 Loaded shared library C:\Program Files\Java\jdk-23\bin\nio.dll
Event: 0.728 Loaded shared library C:\Program Files\Java\jdk-23\bin\zip.dll

Deoptimization events (8 events):
Event: 0.871 Thread 0x000001987fbb3860 Uncommon trap: trap_request=0xffffff45 fr.pc=0x00000198115358c4 relative=0x00000000000001a4
Event: 0.871 Thread 0x000001987fbb3860 Uncommon trap: reason=unstable_if action=reinterpret pc=0x00000198115358c4 method=jdk.internal.util.ArraysSupport.hashCodeOfUnsigned([BIII)I @ 1 c2
Event: 0.871 Thread 0x000001987fbb3860 DEOPT PACKING pc=0x00000198115358c4 sp=0x000000397cefd980
Event: 0.871 Thread 0x000001987fbb3860 DEOPT UNPACKING pc=0x00000198110043fd sp=0x000000397cefd840 mode 2
Event: 1.080 Thread 0x000001987fbb3860 Uncommon trap: trap_request=0xffffff45 fr.pc=0x000001981153cec4 relative=0x0000000000000144
Event: 1.080 Thread 0x000001987fbb3860 Uncommon trap: reason=unstable_if action=reinterpret pc=0x000001981153cec4 method=java.lang.StringCoding.countPositives([BII)I @ 17 c2
Event: 1.080 Thread 0x000001987fbb3860 DEOPT PACKING pc=0x000001981153cec4 sp=0x000000397cefa5e0
Event: 1.080 Thread 0x000001987fbb3860 DEOPT UNPACKING pc=0x00000198110043fd sp=0x000000397cefa580 mode 2

Classes loaded (20 events):
Event: 0.954 Loading class sun/net/www/protocol/file/FileURLConnection
Event: 0.954 Loading class sun/net/www/URLConnection
Event: 0.954 Loading class java/net/URLConnection
Event: 0.955 Loading class java/net/URLConnection done
Event: 0.955 Loading class sun/net/www/URLConnection done
Event: 0.955 Loading class sun/net/www/protocol/file/FileURLConnection done
Event: 0.956 Loading class sun/net/www/MessageHeader
Event: 0.956 Loading class sun/net/www/MessageHeader done
Event: 0.957 Loading class java/io/FilePermission$1
Event: 0.957 Loading class jdk/internal/access/JavaIOFilePermissionAccess
Event: 0.957 Loading class jdk/internal/access/JavaIOFilePermissionAccess done
Event: 0.957 Loading class java/io/FilePermission$1 done
Event: 0.968 Loading class java/io/FilePermissionCollection
Event: 0.968 Loading class java/io/FilePermissionCollection done
Event: 0.968 Loading class java/util/Vector
Event: 0.970 Loading class java/util/Vector done
Event: 1.096 Loading class java/lang/IllegalStateException
Event: 1.097 Loading class java/lang/IllegalStateException done
Event: 1.112 Loading class java/lang/NumberFormatException
Event: 1.112 Loading class java/lang/NumberFormatException done

Classes unloaded (0 events):
No events

Classes redefined (0 events):
No events

Internal exceptions (2 events):
Event: 0.864 Thread 0x000001987fbb3860 Exception <a 'java/lang/NoSuchMethodError'{0x00000000c5887520}: 'int java.lang.invoke.DirectMethodHandle$Holder.invokeSpecial(java.lang.Object, java.lang.Object, java.lang.Object)'> (0x00000000c5887520) 
thrown [s\open\src\hotspot\share\interpreter\linkResolver.cpp, line 796]
Event: 1.151 Thread 0x000001987fbb3860 Exception <a 'java/lang/NoSuchMethodError'{0x00000000c56a9be0}: 'java.lang.Object java.lang.invoke.Invokers$Holder.invokeExact_MT(java.lang.Object, java.lang.Object, java.lang.Object, java.lang.Object, java.lang.Object)'> (0x00000000c56a9be0) 
thrown [s\open\src\hotspot\share\interpreter\linkResolver.cpp, line 796]

VM Operations (2 events):
Event: 0.731 Executing VM operation: HandshakeAllThreads (Deoptimize)
Event: 0.732 Executing VM operation: HandshakeAllThreads (Deoptimize) done

Memory protections (0 events):
No events

Nmethod flushes (0 events):
No events

Events (11 events):
Event: 0.571 Thread 0x000001987fbb3860 Thread added: 0x000001987fbb3860
Event: 0.606 Thread 0x000001987fbb3860 Thread added: 0x000001981bb46970
Event: 0.607 Thread 0x000001987fbb3860 Thread added: 0x000001981bb47f30
Event: 0.608 Thread 0x000001987fbb3860 Thread added: 0x000001981bb4d540
Event: 0.608 Thread 0x000001987fbb3860 Thread added: 0x000001981bb4dfa0
Event: 0.608 Thread 0x000001987fbb3860 Thread added: 0x000001981bb4f1a0
Event: 0.608 Thread 0x000001987fbb3860 Thread added: 0x000001981bb503a0
Event: 0.609 Thread 0x000001987fbb3860 Thread added: 0x000001981bb5d770
Event: 0.609 Thread 0x000001987fbb3860 Thread added: 0x000001981bb5f160
Event: 0.693 Thread 0x000001987fbb3860 Thread added: 0x0000019861085d00
Event: 0.703 Thread 0x000001987fbb3860 Thread added: 0x00000198610af1d0


Dynamic libraries:
0x00007ff6b6190000 - 0x00007ff6b61a0000 	C:\Program Files\Java\jdk-23\bin\java.exe
0x00007ffeca200000 - 0x00007ffeca3ed000 	C:\Windows\SYSTEM32\ntdll.dll
0x00007ffec7570000 - 0x00007ffec7623000 	C:\Windows\System32\KERNEL32.DLL
0x00007ffec62d0000 - 0x00007ffec6563000 	C:\Windows\System32\KERNELBASE.dll
0x00007ffec6890000 - 0x00007ffec698c000 	C:\Windows\System32\ucrtbase.dll
0x00007ffebf970000 - 0x00007ffebf987000 	C:\Program Files\Java\jdk-23\bin\jli.dll
0x00007ffebfc20000 - 0x00007ffebfc3b000 	C:\Program Files\Java\jdk-23\bin\VCRUNTIME140.dll
0x00007ffec9f60000 - 0x00007ffeca0f7000 	C:\Windows\System32\USER32.dll
0x00007ffec6590000 - 0x00007ffec65b0000 	C:\Windows\System32\win32u.dll
0x00007ffec9e80000 - 0x00007ffec9ea9000 	C:\Windows\System32\GDI32.dll
0x00007ffec6a40000 - 0x00007ffec6bda000 	C:\Windows\System32\gdi32full.dll
0x00007ffec65b0000 - 0x00007ffec6650000 	C:\Windows\System32\msvcp_win.dll
0x00007ffeba490000 - 0x00007ffeba709000 	C:\Windows\WinSxS\amd64_microsoft.windows.common-controls_6595b64144ccf1df_6.0.17763.1_none_f040600eff408c2d\COMCTL32.dll
0x00007ffec7d20000 - 0x00007ffec7dbe000 	C:\Windows\System32\msvcrt.dll
0x00007ffec7970000 - 0x00007ffec7c9e000 	C:\Windows\System32\combase.dll
0x00007ffec9670000 - 0x00007ffec9793000 	C:\Windows\System32\RPCRT4.dll
0x00007ffec73b0000 - 0x00007ffec742e000 	C:\Windows\System32\bcryptPrimitives.dll
0x00007ffec9cf0000 - 0x00007ffec9d1e000 	C:\Windows\System32\IMM32.DLL
0x00007ffebfc10000 - 0x00007ffebfc1c000 	C:\Program Files\Java\jdk-23\bin\vcruntime140_1.dll
0x00007ffe9f9b0000 - 0x00007ffe9fa3e000 	C:\Program Files\Java\jdk-23\bin\msvcp140.dll
0x00007ffe9bff0000 - 0x00007ffe9cd3f000 	C:\Program Files\Java\jdk-23\bin\server\jvm.dll
0x00007ffec7dc0000 - 0x00007ffec7e63000 	C:\Windows\System32\ADVAPI32.dll
0x00007ffec7e80000 - 0x00007ffec7f1e000 	C:\Windows\System32\sechost.dll
0x00007ffec6240000 - 0x00007ffec629d000 	C:\Windows\System32\POWRPROF.dll
0x00007ffec7ca0000 - 0x00007ffec7d0d000 	C:\Windows\System32\WS2_32.dll
0x00007ffeb6610000 - 0x00007ffeb661a000 	C:\Windows\SYSTEM32\VERSION.dll
0x00007ffec2fc0000 - 0x00007ffec2fe4000 	C:\Windows\SYSTEM32\WINMM.dll
0x00007ffec2f90000 - 0x00007ffec2fbd000 	C:\Windows\SYSTEM32\winmmbase.dll
0x00007ffec6be0000 - 0x00007ffec6c2a000 	C:\Windows\System32\cfgmgr32.dll
0x00007ffec6220000 - 0x00007ffec6231000 	C:\Windows\System32\kernel.appcore.dll
0x00007ffebfc00000 - 0x00007ffebfc0a000 	C:\Program Files\Java\jdk-23\bin\jimage.dll
0x00007ffeb0d20000 - 0x00007ffeb0f0d000 	C:\Windows\SYSTEM32\DBGHELP.DLL
0x00007ffead670000 - 0x00007ffead69a000 	C:\Windows\SYSTEM32\dbgcore.DLL
0x00007ffeb8fd0000 - 0x00007ffeb8fee000 	C:\Program Files\Java\jdk-23\bin\java.dll
0x00007ffec9d20000 - 0x00007ffec9e75000 	C:\Windows\System32\ole32.dll
0x00007ffec7f20000 - 0x00007ffec940f000 	C:\Windows\System32\SHELL32.dll
0x00007ffeca100000 - 0x00007ffeca1a8000 	C:\Windows\System32\shcore.dll
0x00007ffec6c60000 - 0x00007ffec73a8000 	C:\Windows\System32\windows.storage.dll
0x00007ffec62a0000 - 0x00007ffec62c4000 	C:\Windows\System32\profapi.dll
0x00007ffec7430000 - 0x00007ffec7482000 	C:\Windows\System32\shlwapi.dll
0x00007ffec6570000 - 0x00007ffec6587000 	C:\Windows\System32\cryptsp.dll
0x00007ffe9d9d0000 - 0x00007ffe9daa7000 	C:\Program Files\Java\jdk-23\bin\jsvml.dll
0x00007ffebf4f0000 - 0x00007ffebf500000 	C:\Program Files\Java\jdk-23\bin\net.dll
0x00007ffec5a90000 - 0x00007ffec5af7000 	C:\Windows\system32\mswsock.dll
0x00007ffeb7770000 - 0x00007ffeb7786000 	C:\Program Files\Java\jdk-23\bin\nio.dll
0x00007ffeb7750000 - 0x00007ffeb7767000 	C:\Program Files\Java\jdk-23\bin\zip.dll

dbghelp: loaded successfully - version: 4.0.5 - missing functions: none
symbol engine: initialized successfully - sym options: 0x614 - pdb path: .;C:\Program Files\Java\jdk-23\bin;C:\Windows\SYSTEM32;C:\Windows\WinSxS\amd64_microsoft.windows.common-controls_6595b64144ccf1df_6.0.17763.1_none_f040600eff408c2d;C:\Program Files\Java\jdk-23\bin\server

VM Arguments:
jvm_args: -Dclassworlds.conf=C:\Program Files\NetBeans-22\netbeans\java\maven\bin\m2.conf -Dmaven.home=C:\Program Files\NetBeans-22\netbeans\java\maven -Dlibrary.jansi.path=C:\Program Files\NetBeans-22\netbeans\java\maven\lib\jansi-native -Dmaven.multiModuleProjectDirectory=D:\michael\adso\enzy\backend proyecto\proyectolaburga 
java_command: org.codehaus.plexus.classworlds.launcher.Launcher -Dmaven.ext.class.path=C:\Program Files\NetBeans-22\netbeans\java\maven-nblib\netbeans-eventspy.jar --no-transfer-progress clean install
java_class_path (initial): C:\Program Files\NetBeans-22\netbeans\java\maven\boot\plexus-classworlds-2.7.0.jar
Launcher Type: SUN_STANDARD

[Global flags]
     intx CICompilerCount                          = 2                                         {product} {ergonomic}
     uint ConcGCThreads                            = 1                                         {product} {ergonomic}
     uint G1ConcRefinementThreads                  = 2                                         {product} {ergonomic}
   size_t G1HeapRegionSize                         = 1048576                                   {product} {ergonomic}
   size_t InitialHeapSize                          = 67108864                                  {product} {ergonomic}
   size_t MarkStackSize                            = 4194304                                   {product} {ergonomic}
   size_t MarkStackSizeMax                         = 536870912                                 {product} {ergonomic}
   size_t MaxHeapSize                              = 1046478848                                {product} {ergonomic}
   size_t MaxNewSize                               = 627048448                                 {product} {ergonomic}
   size_t MinHeapDeltaBytes                        = 1048576                                   {product} {ergonomic}
   size_t MinHeapSize                              = 8388608                                   {product} {ergonomic}
    uintx NonNMethodCodeHeapSize                   = 5767168                                {pd product} {ergonomic}
    uintx NonProfiledCodeHeapSize                  = 123011072                              {pd product} {ergonomic}
    uintx ProfiledCodeHeapSize                     = 122880000                              {pd product} {ergonomic}
    uintx ReservedCodeCacheSize                    = 251658240                              {pd product} {ergonomic}
     bool SegmentedCodeCache                       = true                                      {product} {ergonomic}
   size_t SoftMaxHeapSize                          = 1046478848                             {manageable} {ergonomic}
     bool UseCompressedOops                        = true                           {product lp64_product} {ergonomic}
     bool UseG1GC                                  = true                                      {product} {ergonomic}
     bool UseLargePagesIndividualAllocation        = false                                  {pd product} {ergonomic}

Logging:
Log output configuration:
 #0: stdout all=warning uptime,level,tags foldmultilines=false
 #1: stderr all=off uptime,level,tags foldmultilines=false

Environment Variables:
JAVA_HOME=C:\Program Files\Java\jdk-23
PATH=C:\Program Files\Common Files\Oracle\Java\javapath;C:\Windows\system32;C:\Windows;C:\Windows\System32\Wbem;C:\Windows\System32\WindowsPowerShell\v1.0\;C:\Windows\System32\OpenSSH\;C:\Git\cmd;C:\Program Files\nodejs\;C:\Program Files\MySQL\MySQL Shell 8.0\bin\;C:\Users\Personal\AppData\Local\Programs\Python\Launcher\;C:\Users\Personal\AppData\Local\Microsoft\WindowsApps;C:\Users\Personal\AppData\Local\Programs\Microsoft VS Code\bin;C:\Users\Personal\AppData\Roaming\npm
USERNAME=Personal
OS=Windows_NT
PROCESSOR_IDENTIFIER=Intel64 Family 6 Model 55 Stepping 8, GenuineIntel
TMP=C:\Users\Personal\AppData\Local\Temp
TEMP=C:\Users\Personal\AppData\Local\Temp




Periodic native trim disabled

---------------  S Y S T E M  ---------------

OS:
 Windows 10 , 64 bit Build 17763 (10.0.17763.1)
OS uptime: 0 days 5:01 hours

CPU: total 2 (initial active 2) (2 cores per cpu, 1 threads per core) family 6 model 55 stepping 8 microcode 0x80c, cx8, cmov, fxsr, mmx, 3dnowpref, sse, sse2, sse3, ssse3, sse4.1, sse4.2, popcnt, tsc, tscinvbit, erms, clmul, clflush, rdtscp
Processor Information for the first 2 processors :
  Max Mhz: 2159, Current Mhz: 2159, Mhz Limit: 2159

Memory: 4k page, system-wide physical 3985M (196M free)
TotalPageFile size 3985M (AvailPageFile size 5M)
current process WorkingSet (physical memory assigned to process): 42M, peak: 42M
current process commit charge ("private bytes"): 135M, peak: 135M

vm_info: Java HotSpot(TM) 64-Bit Server VM (23.0.1+11-39) for windows-amd64 JRE (23.0.1+11-39), built on 2024-09-30T07:20:43Z with MS VC++ 17.6 (VS2022)

END.
