#
# There is insufficient memory for the Java Runtime Environment to continue.
# Native memory allocation (mmap) failed to map 67108864 bytes. Error detail: G1 virtual space
# Possible reasons:
#   The system is out of physical RAM or swap space
#   This process is running with CompressedOops enabled, and the Java Heap may be blocking the growth of the native heap
# Possible solutions:
#   Reduce memory load on the system
#   Increase physical memory or swap space
#   Check if swap backing store is full
#   Decrease Java heap size (-Xmx/-Xms)
#   Decrease number of Java threads
#   Decrease Java thread stack sizes (-Xss)
#   Set larger code cache with -XX:ReservedCodeCacheSize=
#   JVM is running with Unscaled Compressed Oops mode in which the Java heap is
#     placed in the first 4GB address space. The Java Heap base address is the
#     maximum limit for the native heap growth. Please use -XX:HeapBaseMinAddress
#     to set the Java Heap base and to place the Java Heap above 4GB virtual address.
# This output file may be truncated or incomplete.
#
#  Out of Memory Error (os_windows.cpp:3703), pid=10140, tid=10152
#
# JRE version:  (23.0.1+11) (build )
# Java VM: Java HotSpot(TM) 64-Bit Server VM (23.0.1+11-39, mixed mode, sharing, tiered, compressed oops, compressed class ptrs, g1 gc, windows-amd64)
# No core dump will be written. Minidumps are not enabled by default on client versions of Windows
#

---------------  S U M M A R Y ------------

Command Line: com.conexion.Prueba

Host: Intel(R) Celeron(R) CPU  N2840  @ 2.16GHz, 2 cores, 3G,  Windows 10 , 64 bit Build 17763 (10.0.17763.1)
Time: Mon May 18 17:37:40 2026 Hora est. Pacífico, Sudamérica elapsed time: 0.047604 seconds (0d 0h 0m 0s)

---------------  T H R E A D  ---------------

Current thread (0x0000020e4df3b6d0):  JavaThread "Unknown thread" [_thread_in_vm, id=10152, stack(0x0000004497f00000,0x0000004498000000) (1024K)]

Stack: [0x0000004497f00000,0x0000004498000000]
Native frames: (J=compiled Java code, j=interpreted, Vv=VM code, C=native code)
V  [jvm.dll+0x6e08b9]  (no source info available)
V  [jvm.dll+0x87dc83]  (no source info available)
V  [jvm.dll+0x88010e]  (no source info available)
V  [jvm.dll+0x8807e3]  (no source info available)
V  [jvm.dll+0x27aee6]  (no source info available)
V  [jvm.dll+0x6dd1c5]  (no source info available)
V  [jvm.dll+0x6d104a]  (no source info available)
V  [jvm.dll+0x35b3ea]  (no source info available)
V  [jvm.dll+0x3637f6]  (no source info available)
V  [jvm.dll+0x34fd5e]  (no source info available)
V  [jvm.dll+0x34fff8]  (no source info available)
V  [jvm.dll+0x3289cc]  (no source info available)
V  [jvm.dll+0x32966e]  (no source info available)
V  [jvm.dll+0x844355]  (no source info available)
V  [jvm.dll+0x3b9848]  (no source info available)
V  [jvm.dll+0x82d14c]  (no source info available)
V  [jvm.dll+0x454d4e]  (no source info available)
V  [jvm.dll+0x456bd1]  (no source info available)
C  [jli.dll+0x52a3]  (no source info available)
C  [ucrtbase.dll+0x203ba]  (no source info available)
C  [KERNEL32.DLL+0x17e94]  (no source info available)
C  [ntdll.dll+0x67ad1]  (no source info available)

Lock stack of current Java thread (top to bottom):


---------------  P R O C E S S  ---------------

Threads class SMR info:
_java_thread_list=0x00007ffe9cbe3618, length=0, elements={
}

Java Threads: ( => current thread )
Total: 0

Other Threads:
  0x0000020e5013cbe0 WorkerThread "GC Thread#0"                     [id=10156, stack(0x0000004498100000,0x0000004498200000) (1024K)]
  0x0000020e50147730 ConcurrentGCThread "G1 Main Marker"            [id=10160, stack(0x0000004498200000,0x0000004498300000) (1024K)]
  0x0000020e501497b0 WorkerThread "G1 Conc#0"                       [id=9988, stack(0x0000004498300000,0x0000004498400000) (1024K)]

[error occurred during error reporting (printing all threads), id 0xc0000005, EXCEPTION_ACCESS_VIOLATION (0xc0000005) at pc=0x00007ffe9c32bfba]
VM state: not at safepoint (not fully initialized)

VM Mutex/Monitor currently owned by a thread:  ([mutex/lock_event])
[0x00007ffe9cc63a10] Heap_lock - owner thread: 0x0000020e4df3b6d0

Heap address: 0x00000000c1a00000, size: 998 MB, Compressed Oops mode: 32-bit

CDS archive(s) mapped at: [0x0000000000000000-0x0000000000000000-0x0000000000000000), size 0, SharedBaseAddress: 0x0000000800000000, ArchiveRelocationMode: 1.
Narrow klass base: 0x0000000000000000, Narrow klass shift: 0, Narrow klass range: 0x0

GC Precious Log:
 CardTable entry size: 512
 Card Set container configuration: InlinePtr #cards 5 size 8 Array Of Cards #cards 10 size 36 Howl #buckets 4 coarsen threshold 1843 Howl Bitmap #cards 512 size 80 coarsen threshold 460 Card regions per heap region 1 cards per card region 2048

Heap:
 garbage-first heap   total reserved 1021952K, committed 0K, used 0K [0x00000000c1a00000, 0x0000000100000000)
  region size 1024K, 0 young (0K), 0 survivors (0K)

[error occurred during error reporting (printing heap information), id 0xc0000005, EXCEPTION_ACCESS_VIOLATION (0xc0000005) at pc=0x00007ffe9c72c3c9]
GC Heap History (0 events):
No events

Dll operation events (1 events):
Event: 0.021 Loaded shared library C:\Program Files\Java\jdk-23\bin\java.dll

Deoptimization events (0 events):
No events

Classes loaded (0 events):
No events

Classes unloaded (0 events):
No events

Classes redefined (0 events):
No events

Internal exceptions (0 events):
No events

VM Operations (0 events):
No events

Memory protections (0 events):
No events

Nmethod flushes (0 events):
No events

Events (0 events):
No events


Dynamic libraries:
0x00007ff6b6190000 - 0x00007ff6b61a0000 	C:\Program Files\Java\jdk-23\bin\java.exe
0x00007ffeca200000 - 0x00007ffeca3ed000 	C:\Windows\SYSTEM32\ntdll.dll
0x00007ffec7570000 - 0x00007ffec7623000 	C:\Windows\System32\KERNEL32.DLL
0x00007ffec62d0000 - 0x00007ffec6563000 	C:\Windows\System32\KERNELBASE.dll
0x00007ffec6890000 - 0x00007ffec698c000 	C:\Windows\System32\ucrtbase.dll
0x00007ffebf970000 - 0x00007ffebf987000 	C:\Program Files\Java\jdk-23\bin\jli.dll
0x00007ffec9f60000 - 0x00007ffeca0f7000 	C:\Windows\System32\USER32.dll
0x00007ffec6590000 - 0x00007ffec65b0000 	C:\Windows\System32\win32u.dll
0x00007ffec9e80000 - 0x00007ffec9ea9000 	C:\Windows\System32\GDI32.dll
0x00007ffec6a40000 - 0x00007ffec6bda000 	C:\Windows\System32\gdi32full.dll
0x00007ffec65b0000 - 0x00007ffec6650000 	C:\Windows\System32\msvcp_win.dll
0x00007ffebfc20000 - 0x00007ffebfc3b000 	C:\Program Files\Java\jdk-23\bin\VCRUNTIME140.dll
0x00007ffeba490000 - 0x00007ffeba709000 	C:\Windows\WinSxS\amd64_microsoft.windows.common-controls_6595b64144ccf1df_6.0.17763.1_none_f040600eff408c2d\COMCTL32.dll
0x00007ffec7d20000 - 0x00007ffec7dbe000 	C:\Windows\System32\msvcrt.dll
0x00007ffec7970000 - 0x00007ffec7c9e000 	C:\Windows\System32\combase.dll
0x00007ffec9670000 - 0x00007ffec9793000 	C:\Windows\System32\RPCRT4.dll
0x00007ffec73b0000 - 0x00007ffec742e000 	C:\Windows\System32\bcryptPrimitives.dll
0x00007ffec9cf0000 - 0x00007ffec9d1e000 	C:\Windows\System32\IMM32.DLL
0x00007ffebfc10000 - 0x00007ffebfc1c000 	C:\Program Files\Java\jdk-23\bin\vcruntime140_1.dll
0x00007ffe9f9b0000 - 0x00007ffe9fa3e000 	C:\Program Files\Java\jdk-23\bin\msvcp140.dll
0x00007ffe9bff0000 - 0x00007ffe9cd3f000 	C:\Program Files\Java\jdk-23\bin\server\jvm.dll
0x00007ffec7dc0000 - 0x00007ffec7e63000 	C:\Windows\System32\ADVAPI32.dll
0x00007ffec7e80000 - 0x00007ffec7f1e000 	C:\Windows\System32\sechost.dll
0x00007ffec6240000 - 0x00007ffec629d000 	C:\Windows\System32\POWRPROF.dll
0x00007ffec7ca0000 - 0x00007ffec7d0d000 	C:\Windows\System32\WS2_32.dll
0x00007ffec2fc0000 - 0x00007ffec2fe4000 	C:\Windows\SYSTEM32\WINMM.dll
0x00007ffeb6610000 - 0x00007ffeb661a000 	C:\Windows\SYSTEM32\VERSION.dll
0x00007ffec2f90000 - 0x00007ffec2fbd000 	C:\Windows\SYSTEM32\WINMMBASE.dll
0x00007ffec6be0000 - 0x00007ffec6c2a000 	C:\Windows\System32\cfgmgr32.dll
0x00007ffec6220000 - 0x00007ffec6231000 	C:\Windows\System32\kernel.appcore.dll
0x00007ffebfc00000 - 0x00007ffebfc0a000 	C:\Program Files\Java\jdk-23\bin\jimage.dll
0x00007ffeb0d20000 - 0x00007ffeb0f0d000 	C:\Windows\SYSTEM32\DBGHELP.DLL
0x00007ffead670000 - 0x00007ffead69a000 	C:\Windows\SYSTEM32\dbgcore.DLL
0x00007ffeb8fd0000 - 0x00007ffeb8fee000 	C:\Program Files\Java\jdk-23\bin\java.dll
0x00007ffec9d20000 - 0x00007ffec9e75000 	C:\Windows\System32\ole32.dll
0x00007ffec7f20000 - 0x00007ffec940f000 	C:\Windows\System32\SHELL32.dll
0x00007ffeca100000 - 0x00007ffeca1a8000 	C:\Windows\System32\shcore.dll
0x00007ffec6c60000 - 0x00007ffec73a8000 	C:\Windows\System32\windows.storage.dll
0x00007ffec62a0000 - 0x00007ffec62c4000 	C:\Windows\System32\profapi.dll
0x00007ffec7430000 - 0x00007ffec7482000 	C:\Windows\System32\shlwapi.dll
0x00007ffec6570000 - 0x00007ffec6587000 	C:\Windows\System32\cryptsp.dll

dbghelp: loaded successfully - version: 4.0.5 - missing functions: none
symbol engine: initialized successfully - sym options: 0x614 - pdb path: .;C:\Program Files\Java\jdk-23\bin;C:\Windows\SYSTEM32;C:\Windows\WinSxS\amd64_microsoft.windows.common-controls_6595b64144ccf1df_6.0.17763.1_none_f040600eff408c2d;C:\Program Files\Java\jdk-23\bin\server

VM Arguments:
java_command: com.conexion.Prueba
java_class_path (initial): D:\michael\adso\enzy\backend proyecto\proyectolaburga\target\classes;C:\Users\Personal\.m2\repository\com\mysql\mysql-connector-j\9.1.0\mysql-connector-j-9.1.0.jar;C:\Users\Personal\.m2\repository\com\google\protobuf\protobuf-java\4.26.1\protobuf-java-4.26.1.jar
Launcher Type: SUN_STANDARD

[Global flags]
     intx CICompilerCount                          = 2                                         {product} {ergonomic}
     uint ConcGCThreads                            = 1                                         {product} {ergonomic}
     uint G1ConcRefinementThreads                  = 2                                         {product} {ergonomic}
   size_t G1HeapRegionSize                         = 1048576                                   {product} {ergonomic}
   size_t InitialHeapSize                          = 67108864                                  {product} {ergonomic}
   size_t MarkStackSize                            = 4194304                                   {product} {ergonomic}
   size_t MarkStackSizeMax                         = 536870912                                 {product} {ergonomic}
   size_t MaxHeapSize                              = 1046478848                                {product} {ergonomic}
   size_t MinHeapDeltaBytes                        = 1048576                                   {product} {ergonomic}
   size_t MinHeapSize                              = 8388608                                   {product} {ergonomic}
    uintx NonNMethodCodeHeapSize                   = 5767168                                {pd product} {ergonomic}
    uintx NonProfiledCodeHeapSize                  = 123011072                              {pd product} {ergonomic}
    uintx ProfiledCodeHeapSize                     = 122880000                              {pd product} {ergonomic}
    uintx ReservedCodeCacheSize                    = 251658240                              {pd product} {ergonomic}
     bool SegmentedCodeCache                       = true                                      {product} {ergonomic}
   size_t SoftMaxHeapSize                          = 1046478848                             {manageable} {ergonomic}
     bool UseCompressedOops                        = true                           {product lp64_product} {ergonomic}
     bool UseG1GC                                  = true                                      {product} {ergonomic}
     bool UseLargePagesIndividualAllocation        = false                                  {pd product} {ergonomic}

Logging:
Log output configuration:
 #0: stdout all=warning uptime,level,tags foldmultilines=false
 #1: stderr all=off uptime,level,tags foldmultilines=false

Environment Variables:
JAVA_HOME=C:\Program Files\Java\jdk-23
PATH=C:\Program Files\Common Files\Oracle\Java\javapath;C:\Windows\system32;C:\Windows;C:\Windows\System32\Wbem;C:\Windows\System32\WindowsPowerShell\v1.0\;C:\Windows\System32\OpenSSH\;C:\Git\cmd;C:\Program Files\nodejs\;C:\Program Files\MySQL\MySQL Shell 8.0\bin\;C:\Users\Personal\AppData\Local\Programs\Python\Launcher\;C:\Users\Personal\AppData\Local\Microsoft\WindowsApps;C:\Users\Personal\AppData\Local\Programs\Microsoft VS Code\bin;C:\Users\Personal\AppData\Roaming\npm
USERNAME=Personal
OS=Windows_NT
PROCESSOR_IDENTIFIER=Intel64 Family 6 Model 55 Stepping 8, GenuineIntel
TMP=C:\Users\Personal\AppData\Local\Temp
TEMP=C:\Users\Personal\AppData\Local\Temp




Periodic native trim disabled

---------------  S Y S T E M  ---------------

OS:
 Windows 10 , 64 bit Build 17763 (10.0.17763.1)
OS uptime: 0 days 5:04 hours

CPU: total 2 (initial active 2) (2 cores per cpu, 1 threads per core) family 6 model 55 stepping 8 microcode 0x80c, cx8, cmov, fxsr, mmx, 3dnowpref, sse, sse2, sse3, ssse3, sse4.1, sse4.2, popcnt, tsc, tscinvbit, erms, clmul, clflush, rdtscp
Processor Information for the first 2 processors :
  Max Mhz: 2159, Current Mhz: 2159, Mhz Limit: 2159

Memory: 4k page, system-wide physical 3985M (236M free)
TotalPageFile size 3985M (AvailPageFile size 43M)
current process WorkingSet (physical memory assigned to process): 11M, peak: 11M
current process commit charge ("private bytes"): 48M, peak: 111M

vm_info: Java HotSpot(TM) 64-Bit Server VM (23.0.1+11-39) for windows-amd64 JRE (23.0.1+11-39), built on 2024-09-30T07:20:43Z with MS VC++ 17.6 (VS2022)

END.
